Flow report for RVCore
Thu Feb 27 12:35:07 2020
Quartus II 64-Bit Version 13.1.0 Build 162 10/23/2013 SJ Full Version


---------------------
; Table of Contents ;
---------------------
  1. Legal Notice
  2. Flow Summary
  3. Flow Settings
  4. Flow Non-Default Global Settings
  5. Flow Elapsed Time
  6. Flow OS Summary
  7. Flow Log
  8. Flow Messages
  9. Flow Suppressed Messages



----------------
; Legal Notice ;
----------------
Copyright (C) 1991-2013 Altera Corporation
Your use of Altera Corporation's design tools, logic functions 
and other software and tools, and its AMPP partner logic 
functions, and any output files from any of the foregoing 
(including device programming or simulation files), and any 
associated documentation or information are expressly subject 
to the terms and conditions of the Altera Program License 
Subscription Agreement, Altera MegaCore Function License 
Agreement, or other applicable license agreement, including, 
without limitation, that your use is for the sole purpose of 
programming logic devices manufactured by Altera and sold by 
Altera or its authorized distributors.  Please refer to the 
applicable agreement for further details.



+----------------------------------------------------------------------------------+
; Flow Summary                                                                     ;
+------------------------------------+---------------------------------------------+
; Flow Status                        ; Successful - Thu Feb 27 12:35:02 2020       ;
; Quartus II 64-Bit Version          ; 13.1.0 Build 162 10/23/2013 SJ Full Version ;
; Revision Name                      ; RVCore                                      ;
; Top-level Entity Name              ; RVCore                                      ;
; Family                             ; Cyclone IV E                                ;
; Device                             ; EP4CE6E22C8                                 ;
; Timing Models                      ; Final                                       ;
; Total logic elements               ; 3,737 / 6,272 ( 60 % )                      ;
;     Total combinational functions  ; 3,472 / 6,272 ( 55 % )                      ;
;     Dedicated logic registers      ; 1,808 / 6,272 ( 29 % )                      ;
; Total registers                    ; 1808                                        ;
; Total pins                         ; 43 / 92 ( 47 % )                            ;
; Total virtual pins                 ; 0                                           ;
; Total memory bits                  ; 65,536 / 276,480 ( 24 % )                   ;
; Embedded Multiplier 9-bit elements ; 0 / 30 ( 0 % )                              ;
; Total PLLs                         ; 0 / 2 ( 0 % )                               ;
+------------------------------------+---------------------------------------------+


+-----------------------------------------+
; Flow Settings                           ;
+-------------------+---------------------+
; Option            ; Setting             ;
+-------------------+---------------------+
; Start date & time ; 02/27/2020 12:34:20 ;
; Main task         ; Compilation         ;
; Revision Name     ; RVCore              ;
+-------------------+---------------------+


+--------------------------------------------------------------------------------------------------------------+
; Flow Non-Default Global Settings                                                                             ;
+-------------------------------------+-----------------------------+---------------+-------------+------------+
; Assignment Name                     ; Value                       ; Default Value ; Entity Name ; Section Id ;
+-------------------------------------+-----------------------------+---------------+-------------+------------+
; COMPILER_SIGNATURE_ID               ; 52238503621.158277806015604 ; --            ; --          ; --         ;
; IP_TOOL_NAME                        ; LPM_CONSTANT                ; --            ; --          ; --         ;
; IP_TOOL_NAME                        ; ROM: 1-PORT                 ; --            ; --          ; --         ;
; IP_TOOL_NAME                        ; RAM: 1-PORT                 ; --            ; --          ; --         ;
; IP_TOOL_VERSION                     ; 13.1                        ; --            ; --          ; --         ;
; IP_TOOL_VERSION                     ; 13.1                        ; --            ; --          ; --         ;
; IP_TOOL_VERSION                     ; 13.1                        ; --            ; --          ; --         ;
; MAX_CORE_JUNCTION_TEMP              ; 85                          ; --            ; --          ; --         ;
; MIN_CORE_JUNCTION_TEMP              ; 0                           ; --            ; --          ; --         ;
; MISC_FILE                           ; Constant4.bsf               ; --            ; --          ; --         ;
; MISC_FILE                           ; Constant4.cmp               ; --            ; --          ; --         ;
; MISC_FILE                           ; ROMBlock.bsf                ; --            ; --          ; --         ;
; MISC_FILE                           ; ROMBlock.cmp                ; --            ; --          ; --         ;
; MISC_FILE                           ; RAMPart.bsf                 ; --            ; --          ; --         ;
; MISC_FILE                           ; RAMPart.cmp                 ; --            ; --          ; --         ;
; OUTPUT_IO_TIMING_FAR_END_VMEAS      ; Half Signal Swing           ; --            ; --          ; --         ;
; OUTPUT_IO_TIMING_FAR_END_VMEAS      ; Half Signal Swing           ; --            ; --          ; --         ;
; OUTPUT_IO_TIMING_NEAR_END_VMEAS     ; Half Vccio                  ; --            ; --          ; --         ;
; OUTPUT_IO_TIMING_NEAR_END_VMEAS     ; Half Vccio                  ; --            ; --          ; --         ;
; PARTITION_COLOR                     ; 16764057                    ; --            ; --          ; Top        ;
; PARTITION_FITTER_PRESERVATION_LEVEL ; PLACEMENT_AND_ROUTING       ; --            ; --          ; Top        ;
; PARTITION_NETLIST_TYPE              ; SOURCE                      ; --            ; --          ; Top        ;
; PROJECT_OUTPUT_DIRECTORY            ; output_files                ; --            ; --          ; --         ;
+-------------------------------------+-----------------------------+---------------+-------------+------------+


+-------------------------------------------------------------------------------------------------------------------------------+
; Flow Elapsed Time                                                                                                             ;
+---------------------------+--------------+-------------------------+---------------------+------------------------------------+
; Module Name               ; Elapsed Time ; Average Processors Used ; Peak Virtual Memory ; Total CPU Time (on all processors) ;
+---------------------------+--------------+-------------------------+---------------------+------------------------------------+
; Analysis & Synthesis      ; 00:00:18     ; 1.0                     ; 4810 MB             ; 00:00:18                           ;
; Fitter                    ; 00:00:16     ; 1.7                     ; 5832 MB             ; 00:00:21                           ;
; Assembler                 ; 00:00:02     ; 1.0                     ; 4619 MB             ; 00:00:01                           ;
; TimeQuest Timing Analyzer ; 00:00:04     ; 1.0                     ; 4778 MB             ; 00:00:04                           ;
; Total                     ; 00:00:40     ; --                      ; --                  ; 00:00:44                           ;
+---------------------------+--------------+-------------------------+---------------------+------------------------------------+


+----------------------------------------------------------------------------------------+
; Flow OS Summary                                                                        ;
+---------------------------+------------------+-----------+------------+----------------+
; Module Name               ; Machine Hostname ; OS Name   ; OS Version ; Processor type ;
+---------------------------+------------------+-----------+------------+----------------+
; Analysis & Synthesis      ; DESKTOP-A8FR5SU  ; Windows 7 ; 6.2        ; x86_64         ;
; Fitter                    ; DESKTOP-A8FR5SU  ; Windows 7 ; 6.2        ; x86_64         ;
; Assembler                 ; DESKTOP-A8FR5SU  ; Windows 7 ; 6.2        ; x86_64         ;
; TimeQuest Timing Analyzer ; DESKTOP-A8FR5SU  ; Windows 7 ; 6.2        ; x86_64         ;
+---------------------------+------------------+-----------+------------+----------------+


------------
; Flow Log ;
------------
quartus_map --read_settings_files=on --write_settings_files=off RVCore -c RVCore
quartus_fit --read_settings_files=off --write_settings_files=off RVCore -c RVCore
quartus_asm --read_settings_files=off --write_settings_files=off RVCore -c RVCore
quartus_sta RVCore -c RVCore



